consequences settings-import {"name":"return-journey-v0.5.0.json","contentVersion":7}
consequences interact {"id":"to_creek","scene":"home","world":{"x":1640,"y":690}}
consequences camera-shift-drag {"origin":{"x":720,"y":440},"dx":-576,"dy":-240}
consequences choose "canal:depart:creek"
consequences interact {"id":"rest_creek","scene":"creek","world":{"x":300,"y":860}}
consequences camera-shift-drag {"origin":{"x":720,"y":440},"dx":576,"dy":-221.05933107639896}
consequences walk {"x":300,"y":740}
consequences walk {"x":300,"y":340}
consequences walk {"x":700,"y":315}
consequences camera-shift-drag {"origin":{"x":720,"y":440},"dx":19.9999871227501,"dy":240}
consequences interact {"id":"creek_to_kiln","scene":"creek","world":{"x":620,"y":315}}
consequences walk {"x":420,"y":640}
consequences cast {"spell":"ward","x":350,"y":700}
consequences observe-ward-cooldown {"index":0,"before":{"time":318.20000000003927,"cooldown":3,"mana":5},"wallLimitMs":60000}
consequences ward-cooldown-settled {"time":321.2166666667032,"cooldown":0,"mana":5,"elapsedWallMs":43270}
consequences cast {"spell":"ward","x":350,"y":700}
consequences observe-ward-cooldown {"index":1,"before":{"time":321.26666666670314,"cooldown":3,"mana":4},"wallLimitMs":60000}
consequences ward-cooldown-settled {"time":324.28333333336707,"cooldown":0,"mana":4,"elapsedWallMs":48500}
consequences cast {"spell":"ward","x":350,"y":700}
consequences observe-ward-cooldown {"index":2,"before":{"time":324.333333333367,"cooldown":3,"mana":3},"wallLimitMs":60000}
consequences ward-cooldown-settled {"time":327.35000000003095,"cooldown":0,"mana":3,"elapsedWallMs":48473}
consequences cast {"spell":"ward","x":350,"y":700}
consequences observe-ward-cooldown {"index":3,"before":{"time":327.4000000000309,"cooldown":3,"mana":2},"wallLimitMs":60000}
consequences ward-cooldown-settled {"time":330.4166666666948,"cooldown":0,"mana":2,"elapsedWallMs":45572}
consequences cast {"spell":"ward","x":350,"y":700}
consequences observe-ward-cooldown {"index":4,"before":{"time":330.4500000000281,"cooldown":3,"mana":1},"wallLimitMs":60000}
consequences ward-cooldown-settled {"time":333.46666666669205,"cooldown":0,"mana":1,"elapsedWallMs":48319}
consequences cast {"spell":"pull","x":500,"y":640}
consequences settings-export "qa/evidence/kiln-player-overlap-export.json"
consequences settings-import {"name":"kiln-overlap.json","contentVersion":7}
consequences walk {"x":269.0555000054616,"y":639.9924030359988}
