
 RUN  v4.1.11 /home/zhangjingzhou/workspace/xian-ni-game/.worktrees/cliff-080-space

 ❯ tests/spar-whitebox.test.ts (11 tests | 2 failed) 60ms
     × does not release a new shot after movement crosses the line in the firing substep 7ms
     × keeps the first outside reason when stop is pressed while the old shot settles 6ms

⎯⎯⎯⎯⎯⎯⎯ Failed Tests 2 ⎯⎯⎯⎯⎯⎯⎯

 FAIL  tests/spar-whitebox.test.ts > voluntary one-shot guard round using real movement and projectiles > does not release a new shot after movement crosses the line in the firing substep
AssertionError: expected null to be 'outside' // Object.is equality

- Expected:
"outside"

+ Received:
null

 ❯ tests/spar-whitebox.test.ts:59:21
     57|   expect(r.s.player.x).toBe(952);r.peer.data!.attack=1.99; // Explicit…
     58|   sparTick(r,.025,{x:1,y:0});expect(r.s.player.x).toBe(956);
     59|   expect(r.outcome).toBe('outside');expect(r.shots).toBe(0);expect(r.s…
       |                     ^
     60|  });
     61|  it('keeps the first outside reason when stop is pressed while the old…

⎯⎯⎯⎯⎯⎯⎯⎯⎯⎯⎯⎯⎯⎯⎯⎯⎯⎯⎯⎯⎯⎯⎯⎯[1/2]⎯

 FAIL  tests/spar-whitebox.test.ts > voluntary one-shot guard round using real movement and projectiles > keeps the first outside reason when stop is pressed while the old shot settles
AssertionError: expected 'stopped' to be 'outside' // Object.is equality

Expected: "outside"
Received: "stopped"

 ❯ tests/spar-whitebox.test.ts:64:56
     62|   const r=ready();untilShot(r);sparAct(r,{type:'move',point:{x:1020,y:…
     63|   expect(r.phase).toBe('settling');expect(r.stopReason).toBe('outside'…
     64|   sparAct(r,{type:'stop'});wait(r,3);expect(r.outcome).toBe('outside');
       |                                                        ^
     65|  });
     66|

⎯⎯⎯⎯⎯⎯⎯⎯⎯⎯⎯⎯⎯⎯⎯⎯⎯⎯⎯⎯⎯⎯⎯⎯[2/2]⎯


 Test Files  1 failed (1)
      Tests  2 failed | 9 passed (11)
   Start at  20:41:23
   Duration  500ms (transform 226ms, setup 0ms, import 270ms, tests 60ms, environment 0ms)

