
> xian-ni-shanmen-zhiwai@0.8.0 verify
> node scripts/verify.mjs


> xian-ni-shanmen-zhiwai@0.8.0 test
> vitest run


 RUN  v4.1.11 /home/zhangjingzhou/workspace/xian-ni-game/.worktrees/cliff-080-space


 Test Files  45 passed (45)
      Tests  956 passed (956)
   Start at  00:16:14
   Duration  14.51s (transform 2.86s, setup 0ms, import 8.16s, tests 24.01s, environment 5ms)


> xian-ni-shanmen-zhiwai@0.8.0 build
> tsc --noEmit && vite build

vite v7.3.6 building client environment for production...
transforming...
✓ 42 modules transformed.
rendering chunks...
computing gzip size...
dist/index.html                     0.72 kB │ gzip:   0.51 kB
dist/assets/index-DzkGuDoj.css     31.78 kB │ gzip:   7.87 kB
dist/assets/index-DwjNP5Si.js   1,535.40 kB │ gzip: 446.21 kB
✓ built in 4.33s
world input {"x":1500,"y":480} {"scene":"home","x":849.3974525146839,"y":442.9359035580414,"path":[{"x":1499.1099668192874,"y":481.0049522863919}],"paused":false}
world input {"x":1540,"y":420} {"scene":"home","x":1496.2879454280696,"y":480.83959966120864,"path":[],"paused":true}
world input {"x":900,"y":1060} {"scene":"spar","x":900,"y":1220,"path":[{"x":899.1093736785939,"y":1060.9464706513552}],"paused":false}
world input {"x":900,"y":980} {"scene":"spar","x":899.1190197933628,"y":1062.6691331885138,"path":[],"paused":true}
world input {"x":900,"y":940} {"scene":"spar","x":899.1190197933628,"y":1062.6691331885138,"path":[{"x":899.1093745770503,"y":940.9459950973446}],"paused":false}
world input {"x":900,"y":1160} {"scene":"spar","x":899.1095111167708,"y":942.6691335652423,"path":[{"x":899.1093745770503,"y":1160.9482337155907}],"paused":false}
world input {"x":900,"y":1280} {"scene":"spar","x":899.1093760026916,"y":1158.6691335651967,"path":[{"x":899.4274597854551,"y":1202.0021013250823}],"paused":false}
world input {"x":760,"y":410} {"scene":"home","x":1500,"y":480,"path":[{"x":837.6533473389343,"y":417.34558691043975}],"paused":false}
desktop hit front PASS qa/spar-production-2026-09-11T23-16-38-685Z
world input {"x":1500,"y":480} {"scene":"home","x":849.3974525146839,"y":442.9359035580414,"path":[{"x":1499.1099668192874,"y":481.0049522863919}],"paused":false}
world input {"x":1540,"y":420} {"scene":"home","x":1496.2879454280696,"y":480.83959966120864,"path":[],"paused":true}
world input {"x":900,"y":1060} {"scene":"spar","x":900,"y":1220,"path":[{"x":899.1093736785939,"y":1060.9464706513552}],"paused":false}
world input {"x":900,"y":980} {"scene":"spar","x":899.1190197933628,"y":1062.6691331885138,"path":[],"paused":true}
world input {"x":900,"y":940} {"scene":"spar","x":899.1190197933628,"y":1062.6691331885138,"path":[{"x":899.1093745770503,"y":940.9459950973446}],"paused":false}
world input {"x":900,"y":1160} {"scene":"spar","x":899.1095111167708,"y":942.6691335652423,"path":[{"x":899.1093745770503,"y":1160.9482337155907}],"paused":false}
world input {"x":900,"y":1280} {"scene":"spar","x":899.1093760026916,"y":1158.6691335651967,"path":[{"x":899.4274597854551,"y":1202.0021013250823}],"paused":false}
world input {"x":760,"y":410} {"scene":"home","x":1500,"y":480,"path":[{"x":837.6533473389343,"y":417.34558691043975}],"paused":false}
desktop ward front PASS qa/spar-production-2026-09-11T23-16-38-685Z
world input {"x":1500,"y":480} {"scene":"home","x":849.3974525146839,"y":442.9359035580414,"path":[{"x":1499.999999326818,"y":480.000023336972}],"paused":false}
world input {"x":1540,"y":420} {"scene":"home","x":1499.0108269465097,"y":479.9436712618604,"path":[],"paused":true}
world input {"x":900,"y":1060} {"scene":"spar","x":900,"y":1220,"path":[{"x":899.9999988780302,"y":1060.000005460253}],"paused":false}
world input {"x":900,"y":980} {"scene":"spar","x":899.9999988967296,"y":1062.6666666666622,"path":[],"paused":true}
world input {"x":900,"y":940} {"scene":"spar","x":899.9999988967296,"y":1062.6666666666622,"path":[{"x":900.004344306008,"y":939.2992160677597}],"paused":false}
world input {"x":900,"y":1160} {"scene":"spar","x":900.0043196220795,"y":940.0000000760931,"path":[{"x":900.0000231791776,"y":1165.6142790443646}],"paused":false}
world input {"x":900,"y":1280} {"scene":"spar","x":900.0000539203949,"y":1164.000000035475,"path":[{"x":900.0000362568172,"y":1202.0000000000084}],"paused":false}
world input {"x":760,"y":410} {"scene":"home","x":1500,"y":480,"path":[{"x":837.6533473389343,"y":417.34558691043975}],"paused":false}
phone hit front PASS qa/spar-production-2026-09-11T23-16-38-685Z
world input {"x":1500,"y":480} {"scene":"home","x":849.3974525146839,"y":442.9359035580414,"path":[{"x":1499.999999326818,"y":480.000023336972}],"paused":false}
world input {"x":1540,"y":420} {"scene":"home","x":1499.0108269465097,"y":479.9436712618604,"path":[],"paused":true}
world input {"x":900,"y":1060} {"scene":"spar","x":900,"y":1220,"path":[{"x":899.9999988780302,"y":1060.000005460253}],"paused":false}
world input {"x":900,"y":980} {"scene":"spar","x":899.9999988967296,"y":1062.6666666666622,"path":[],"paused":true}
world input {"x":900,"y":940} {"scene":"spar","x":899.9999988967296,"y":1062.6666666666622,"path":[{"x":900.0036418509324,"y":940.2554423740978}],"paused":false}
world input {"x":900,"y":1160} {"scene":"spar","x":900.0035700929714,"y":942.6666667198028,"path":[{"x":899.9999814640771,"y":1165.9150159186465}],"paused":false}
world input {"x":900,"y":1280} {"scene":"spar","x":900.0000122472,"y":1164.000000024536,"path":[{"x":900.0000082351862,"y":1202.0000000000005}],"paused":false}
world input {"x":760,"y":410} {"scene":"home","x":1489.3807388254445,"y":478.9954752942988,"path":[{"x":837.6533473389343,"y":417.34558691043975}],"paused":false}
phone ward front PASS qa/spar-production-2026-09-11T23-16-38-685Z
BROWSER DISCONNECTED 2026-09-11T23:27:41.872Z
qa/spar-production-2026-09-11T23-16-38-685Z/report.json PASS
world input {"x":1500,"y":480} {"scene":"home","x":849.3974525146839,"y":442.9359035580414,"path":[{"x":1499.999999326818,"y":480.000023336972}],"paused":false}
world input {"x":1540,"y":420} {"scene":"home","x":1499.0108269465097,"y":479.9436712618604,"path":[],"paused":true}
world input {"x":900,"y":1060} {"scene":"spar","x":900,"y":1220,"path":[{"x":899.9999988780302,"y":1060.000005460253}],"paused":false}
world input {"x":900,"y":980} {"scene":"spar","x":899.9999988967296,"y":1062.6666666666622,"path":[],"paused":true}
world input {"x":900,"y":940} {"scene":"spar","x":899.9999988967296,"y":1062.6666666666622,"path":[{"x":900.010229802734,"y":940.7054219638227}],"paused":false}
world input {"x":900,"y":1160} {"scene":"spar","x":900.0094668002325,"y":956.0000004087798,"path":[{"x":900.000013166992,"y":1166.6141378008515}],"paused":false}
world input {"x":900,"y":1280} {"scene":"spar","x":900.00013050526,"y":1164.000000199245,"path":[{"x":900.0000877535371,"y":1202.0000000000493}],"paused":false}
world input {"x":760,"y":410} {"scene":"home","x":1500,"y":480,"path":[{"x":837.6533473389343,"y":417.34558691043975}],"paused":false}
phone ward left PASS qa/spar-production-2026-09-11T23-27-43-070Z
BROWSER DISCONNECTED 2026-09-11T23:29:42.502Z
qa/spar-production-2026-09-11T23-27-43-070Z/report.json PASS
world input {"x":1500,"y":480} {"scene":"home","x":849.3974525146839,"y":442.9359035580414,"path":[{"x":1499.999999326818,"y":480.000023336972}],"paused":false}
world input {"x":1540,"y":420} {"scene":"home","x":1499.0108269465097,"y":479.9436712618604,"path":[],"paused":true}
world input {"x":900,"y":1060} {"scene":"spar","x":900,"y":1220,"path":[{"x":899.9999988780302,"y":1060.000005460253}],"paused":false}
world input {"x":900,"y":980} {"scene":"spar","x":899.9999988967296,"y":1062.6666666666622,"path":[],"paused":true}
world input {"x":900,"y":940} {"scene":"spar","x":899.9999988967296,"y":1062.6666666666622,"path":[{"x":900.010229802734,"y":940.7054219638227}],"paused":false}
world input {"x":900,"y":1160} {"scene":"spar","x":900.0100652806797,"y":942.6666670888782,"path":[{"x":899.9999771441711,"y":1165.915022007657}],"paused":false}
world input {"x":900,"y":1280} {"scene":"spar","x":900.0000636800896,"y":1164.0000001962408,"path":[{"x":900.0000428193707,"y":1202.0000000000118}],"paused":false}
world input {"x":760,"y":410} {"scene":"home","x":1500,"y":480,"path":[{"x":837.6533473389343,"y":417.34558691043975}],"paused":false}
phone ward right PASS qa/spar-production-2026-09-11T23-29-43-531Z
BROWSER DISCONNECTED 2026-09-11T23:31:44.711Z
qa/spar-production-2026-09-11T23-29-43-531Z/report.json PASS
qa/spar-presentation-2026-09-11T23-31-45-729Z/report.json PASS
qa/spar-facing-2026-09-11T23-33-25-370Z/report.json PASS
Market visual capture desktop-1440-dpr2 west-sign
Market visual capture desktop-1440-dpr2 merchant-idle
Market visual capture desktop-1440-dpr2 merchant-dialogue
Market visual capture desktop-1440-dpr2 merchant-walking
Market visual capture desktop-1440-dpr2 physical-door-open
Market visual capture short-1280-dpr1 west-sign
Market visual capture short-1280-dpr1 merchant-idle
Market visual capture short-1280-dpr1 merchant-dialogue
Market visual capture short-1280-dpr1 merchant-walking
Market visual capture short-1280-dpr1 physical-door-open
Market visual capture phone-390-dpr3 west-sign
Market visual capture phone-390-dpr3 merchant-idle
Market visual capture phone-390-dpr3 merchant-dialogue
Market visual capture phone-390-dpr3 merchant-walking
Market visual capture phone-390-dpr3 physical-door-open
{"status":"PASS","runId":"2026-09-11T23-33-51-801Z","output":"qa/evidence/market-view.json","folder":"qa/evidence/market-view-2026-09-11T23-33-51-801Z","devices":[{"id":"desktop-1440-dpr2","status":"PASS","poses":{"idle":"PASS","walking":"PASS","waiting":"NOT_RUN"}},{"id":"short-1280-dpr1","status":"PASS","poses":{"idle":"PASS","walking":"PASS","waiting":"NOT_RUN"}},{"id":"phone-390-dpr3","status":"PASS","poses":{"idle":"PASS","walking":"PASS","waiting":"NOT_RUN"}}]}
ui-click {"selector":"[data-ui=\"settings\"]"}
settings-import {"path":"qa/evidence/market-2026-09-11T15-48-58-773Z/market-west-entry.json","sha256":"1f0f5adc4d781ec048a086c8d73327cc0141a4063f3fbf6b03a352f5a0d983d4"}
ui-click {"selector":".action-dock [data-ui=\"pause\"]"}
world-click {"world":{"x":380,"y":720},"screen":{"x":390.8571011679535,"y":611.9999809435448}}
arrived {"x":378.43713709770464,"y":721.5225206115974,"hp":4,"time":405.68333333329304}
ui-click {"selector":"[data-ui=\"spell:pull\"]"}
world-click {"world":{"x":460,"y":720},"screen":{"x":473.14281545366777,"y":611.9999809435448}}
world-click {"world":{"x":490,"y":840},"screen":{"x":503.9999583108106,"y":735.4285523721162}}
ui-click {"selector":"[data-ui=\"release\"]"}
world-click {"world":{"x":480,"y":460},"screen":{"x":493.7142440250963,"y":344.5714095149733}}
arrived {"x":479.01135882151993,"y":460.20886630962985,"hp":4,"time":423.7833333332766}
world-click {"world":{"x":470,"y":380},"screen":{"x":483.42852973938204,"y":389.94441497895514}}
ui-click {"selector":"[data-ui=\"choice:market:exchange\"]"}
AssertionError [ERR_ASSERTION]: No defeated recovery may hide route failure

true !== false

    at alive (file:///home/zhangjingzhou/workspace/xian-ni-game/.worktrees/cliff-080-space/scripts/market-threat-view-check.mjs:23:97)
    at until (file:///home/zhangjingzhou/workspace/xian-ni-game/.worktrees/cliff-080-space/scripts/market-threat-view-check.mjs:27:24)
    at async file:///home/zhangjingzhou/workspace/xian-ni-game/.worktrees/cliff-080-space/scripts/market-threat-view-check.mjs:114:16 {
  generatedMessage: false,
  code: 'ERR_ASSERTION',
  actual: true,
  expected: false,
  operator: 'strictEqual',
  diff: 'simple'
}
Error: market-threat-view-check.mjs failed on viewports
    at file:///home/zhangjingzhou/workspace/xian-ni-game/.worktrees/cliff-080-space/scripts/verify.mjs:61:181
    at process.processTicksAndRejections (node:internal/process/task_queues:105:5)
