browser warning [.WebGL-0x1a7c000f0800]GL Driver Message (OpenGL, Performance, GL_CLOSE_PATH_NV, High): GPU stall due to ReadPixels
browser warning [.WebGL-0x1a7c000f0800]GL Driver Message (OpenGL, Performance, GL_CLOSE_PATH_NV, High): GPU stall due to ReadPixels
browser warning [.WebGL-0x1a7c000f0800]GL Driver Message (OpenGL, Performance, GL_CLOSE_PATH_NV, High): GPU stall due to ReadPixels
browser warning [.WebGL-0x1a7c000f0800]GL Driver Message (OpenGL, Performance, GL_CLOSE_PATH_NV, High): GPU stall due to ReadPixels (this message will no longer repeat)
world input {"x":1500,"y":480} {"scene":"home","x":865.3700572779774,"y":443.8717972889838,"path":[{"x":1499.1099668192874,"y":481.0049522863919}],"paused":false}
world input {"x":1540,"y":420} {"scene":"home","x":1496.2879454280696,"y":480.83959966120864,"path":[],"paused":true}
world input {"x":900,"y":1060} {"scene":"spar","x":900,"y":1220,"path":[{"x":899.1093745770503,"y":1060.9464706513552}],"paused":false}
world input {"x":900,"y":980} {"scene":"spar","x":899.1190206820604,"y":1062.6691331835368,"path":[],"paused":true}
world input {"x":900,"y":940} {"scene":"spar","x":899.1190206820604,"y":1062.6691331835368,"path":[{"x":899.1093745770503,"y":940.9459950973446}],"paused":false}
world input {"x":900,"y":1160} {"scene":"spar","x":899.1095111293511,"y":942.6691335603338,"path":[{"x":899.1093745770503,"y":1160.9482131110296}],"paused":false}
world input {"x":900,"y":1280} {"scene":"spar","x":899.1289500272358,"y":1161.335728386781,"path":[{"x":899.4274597855544,"y":1202.0021013250816}],"paused":false}
world input {"x":760,"y":410} {"scene":"home","x":1500,"y":480,"path":[{"x":837.6533473389343,"y":417.34558691043975}],"paused":false}
desktop hit front PASS qa/spar-production-2026-09-11T21-03-32-592Z
world input {"x":1500,"y":480} {"scene":"home","x":862.7079564840951,"y":443.7158150004934,"path":[{"x":1499.1099668192874,"y":481.0049522863919}],"paused":false}
world input {"x":1540,"y":420} {"scene":"home","x":1496.2879454280696,"y":480.83959966120864,"path":[],"paused":true}
world input {"x":900,"y":1060} {"scene":"spar","x":899.9104088829215,"y":1204.000250832224,"path":[{"x":899.1093745770503,"y":1060.9464706513552}],"paused":false}
world input {"x":900,"y":980} {"scene":"spar","x":899.1190206820604,"y":1062.6691331835368,"path":[],"paused":true}
world input {"x":900,"y":940} {"scene":"spar","x":899.1190206820604,"y":1062.6691331835368,"path":[{"x":899.1093745770503,"y":940.9459950973446}],"paused":false}
world input {"x":900,"y":1160} {"scene":"spar","x":899.1095111293511,"y":942.6691335603338,"path":[{"x":899.1093772724198,"y":1160.9482131110296}],"paused":false}
world input {"x":900,"y":1280} {"scene":"spar","x":899.1289526358457,"y":1161.3357283872115,"path":[{"x":899.4274615000966,"y":1202.002101312496}],"paused":false}
world input {"x":760,"y":410} {"scene":"home","x":1500,"y":480,"path":[{"x":837.6533473389343,"y":417.34558691043975}],"paused":false}
desktop ward front PASS qa/spar-production-2026-09-11T21-03-32-592Z
world input {"x":1500,"y":480} {"scene":"home","x":865.3715518859583,"y":443.8459306327256,"path":[{"x":1499.999999326818,"y":480.000023336972}],"paused":false}
world input {"x":1540,"y":420} {"scene":"home","x":1499.0108269465097,"y":479.9436712618604,"path":[],"paused":true}
world input {"x":900,"y":1060} {"scene":"spar","x":899.9999998878029,"y":1203.9999999999995,"path":[{"x":899.9999988780302,"y":1060.000005460253}],"paused":false}
world input {"x":900,"y":980} {"scene":"spar","x":899.9999988967296,"y":1062.6666666666622,"path":[],"paused":true}
world input {"x":900,"y":940} {"scene":"spar","x":900.0009957915887,"y":1046.6666666977187,"path":[{"x":900.0076362954028,"y":940.0876630682455}],"paused":false}
world input {"x":900,"y":1160} {"scene":"spar","x":900.0069252135926,"y":958.6666668901194,"path":[{"x":899.9999995308422,"y":1159.9966359971081}],"paused":false}
world input {"x":900,"y":1280} {"scene":"spar","x":900.0000393101684,"y":1174.6666667717905,"path":[{"x":900.0000291094284,"y":1202.0000000000055}],"paused":false}
world input {"x":760,"y":410} {"scene":"home","x":1484.0711082381667,"y":478.4932129414482,"path":[{"x":837.6533473389343,"y":417.34558691043975}],"paused":false}
phone hit front PASS qa/spar-production-2026-09-11T21-03-32-592Z
world input {"x":1500,"y":480} {"scene":"home","x":865.3715518859583,"y":443.8459306327256,"path":[{"x":1499.999999326818,"y":480.000023336972}],"paused":false}
world input {"x":1540,"y":420} {"scene":"home","x":1499.0108269465097,"y":479.9436712618604,"path":[],"paused":true}
world input {"x":900,"y":1060} {"scene":"spar","x":899.9999998878029,"y":1203.9999999999995,"path":[{"x":899.9999988780302,"y":1060.000005460253}],"paused":false}
world input {"x":900,"y":980} {"scene":"spar","x":899.9999988967296,"y":1062.6666666666622,"path":[],"paused":true}
world input {"x":900,"y":940} {"scene":"spar","x":900.0009957915887,"y":1046.6666666977187,"path":[{"x":900.0076362954028,"y":940.0876630682455}],"paused":false}
world input {"x":900,"y":1160} {"scene":"spar","x":900.0069256586306,"y":958.6666668901344,"path":[{"x":900.0000055494129,"y":1159.997404953354}],"paused":false}
world input {"x":900,"y":1280} {"scene":"spar","x":900.0000445259116,"y":1174.666666771993,"path":[{"x":900.0000329717195,"y":1202.000000000007}],"paused":false}
world input {"x":760,"y":410} {"scene":"home","x":1484.0711082381667,"y":478.4932129414482,"path":[{"x":837.6533473389343,"y":417.34558691043975}],"paused":false}
phone ward front PASS qa/spar-production-2026-09-11T21-03-32-592Z
BROWSER DISCONNECTED 2026-09-11T21:24:45.747Z
qa/spar-production-2026-09-11T21-03-32-592Z/report.json PASS
