consequences settings-import {"name":"return-journey-v0.5.0.json","contentVersion":7}
consequences interact {"id":"to_creek","scene":"home","world":{"x":1640,"y":690}}
consequences camera-shift-drag {"origin":{"x":720,"y":440},"dx":-576,"dy":-240}
consequences choose "canal:depart:creek"
consequences interact {"id":"rest_creek","scene":"creek","world":{"x":300,"y":860}}
consequences walk {"x":300,"y":740}
consequences walk {"x":300,"y":340}
consequences walk {"x":700,"y":315}
consequences interact {"id":"creek_to_kiln","scene":"creek","world":{"x":620,"y":315}}
consequences interact {"id":"duqin","scene":"kiln","world":{"x":260,"y":560}}
consequences choose "kiln:borrow"
consequences walk {"x":350,"y":640}
consequences cast {"spell":"pull","x":500,"y":640}
consequences cast {"spell":"pull","x":620,"y":700}
consequences cast {"spell":"flame","x":500,"y":640}
consequences observe-natural-burning {"time":319.6333333333713,"paused":false,"board":{"id":"shield_board","type":"shield_board","kind":"object","name":"轻木挡屏","x":500,"y":640,"homeX":500,"homeY":640,"w":100,"h":40,"movable":true,"solid":true,"flammable":true,"state":"burning","hint":"落地挡双方来袭；烧毁后不再遮蔽。","data":{"startDistance":277.2788193439551,"noiseUsed":true},"timer":11.86666666666666}}
consequences natural-burning-settled {"time":331.50000000002717,"paused":false,"board":{"id":"shield_board","type":"shield_board","kind":"object","name":"轻木挡屏","x":500,"y":640,"homeX":500,"homeY":640,"w":100,"h":40,"movable":true,"solid":true,"flammable":true,"state":"burned","hint":"落地挡双方来袭；烧毁后不再遮蔽。","data":{"startDistance":277.2788193439551,"noiseUsed":true},"timer":0},"elapsedWallMs":185382,"elapsedSimulationSeconds":11.866666666655874}
consequences settings-export "qa/evidence/kiln-burned-export.json"
consequences settings-import {"name":"kiln-burned.json","contentVersion":7}
consequences interact {"id":"duqin","scene":"kiln","world":{"x":260,"y":560}}
consequences interact {"id":"kiln_to_creek","scene":"kiln","world":{"x":180,"y":480}}
consequences interact {"id":"creek_to_kiln","scene":"creek","world":{"x":620,"y":315}}
