
 RUN  v4.1.11 /home/zhangjingzhou/workspace/xian-ni-game/.worktrees/cliff-080-space

 ❯ tests/ward-side-boundary.test.ts (6 tests | 3 failed) 21ms
   × side ray sign 1, step 0.025 cannot be caught by a north-facing ward 6ms
   × side ray sign 1, step 0.016666666666666666 cannot be caught by a north-facing ward 2ms
   × side ray sign 1, step 0.008333333333333333 cannot be caught by a north-facing ward 2ms

⎯⎯⎯⎯⎯⎯⎯ Failed Tests 3 ⎯⎯⎯⎯⎯⎯⎯

 FAIL  tests/ward-side-boundary.test.ts > side ray sign 1, step 0.025 cannot be caught by a north-facing ward
 FAIL  tests/ward-side-boundary.test.ts > side ray sign 1, step 0.016666666666666666 cannot be caught by a north-facing ward
 FAIL  tests/ward-side-boundary.test.ts > side ray sign 1, step 0.008333333333333333 cannot be caught by a north-facing ward
AssertionError: expected 4 to be 3 // Object.is equality

- Expected
+ Received

- 3
+ 4

 ❯ tests/ward-side-boundary.test.ts:10:22
      8|  s.projectiles=[{id:99,owner:'enemy',x:940+sign*200,y:900,vx:-sign*260…
      9|  for(let t=0;t<1;t+=dt)tick(s,dt,{x:0,y:0});
     10|  expect(s.player.hp).toBe(3);expect(s.player.ward).toBeGreaterThan(0);…
       |                      ^
     11| });
     12|

⎯⎯⎯⎯⎯⎯⎯⎯⎯⎯⎯⎯⎯⎯⎯⎯⎯⎯⎯⎯⎯⎯⎯⎯[1/3]⎯


 Test Files  1 failed (1)
      Tests  3 failed | 3 passed (6)
   Start at  20:57:11
   Duration  438ms (transform 214ms, setup 0ms, import 250ms, tests 21ms, environment 0ms)

